Routine Name: EXPLRPDE
           115     158     205       0     266    1913    1956    1979
             0    2014       0    2016       0    2066    2088    2140
          2169       0       0       0       0    2296       0    2351
          2376
Routine Name: Crypto
            88     111     152       0     236       0     331     367
             0     430       0     569       0       0       0       0
           918     945    1010    1043    1089    1120
Routine Name: MAILDICT
            89     112       0       0       0       0       0       0
             0       0       0       0       0       0       0       0
             0       0       0       0       0       0       0       0
             0       0       0       0       0       0       0       0
             0       0       0       0       0       0       0       0
             0       0       0       0       0       0       0       0
             0       0       0       0       0
Routine Name: APNDDICT
            84     107       0       0       0       0
Routine Name: BASEUTILDICT
            94       0     122       0       0       0       0       0
             0       0       0       0       0       0       0       0
             0       0       0       0       0       0       0       0
             0       0       0       0       0       0       0       0
             0       0       0       0       0       0       0       0
             0       0       0       0       0       0       0       0
             0       0       0       0       0       0       0       0
             0
Routine Name: BASEDICTPROC
           104     161       0       0       0       0       0       0
             0       0       0       0       0       0       0       0
             0       0       0       0       0       0       0       0
             0       0
Routine Name: BASECDICT
             0     168     194       0       0       0       0       0
             0       0       0       0       0       0       0       0
             0       0       0       0       0       0       0       0
             0       0       0
Routine Name: DEVPROJ
            94     120    2465    2502    2542    2565       0    2606
             0    2608       0       0    2690       0       0       0
          2791    2804       0    2853    2874    2897    2900    2921
             0       0       0       0       0    3167
Routine Name: MACDICT
            88     111     142     166       0       0       0       0
             0       0       0       0       0       0       0       0
             0       0       0       0       0       0       0       0
             0       0       0       0       0       0       0       0
Routine Name: MACPROJ
            98     125    3235    3259    3284       0    3315       0
             0    3355       0       0    3425    3447       0       0
          3517
Routine Name: PRECCALL
            93     116     140       0       0     547     623       0
             0    1107       0       0       0       0       0       0
             0       0       0       0       0       0       0       0
             0       0       0       0       0
Routine Name: PRECCALLPROC
            93     122     239       0       0       0     652       0
             0     826     904       0       0       0       0       0
             0       0       0
Routine Name: CALLUTIL
            89     124     155     180     203       0     300       0
Routine Name: PRECDBUG
             0       0       0       0       0       0       0
Routine Name: PRECFILE
            97       0       0       0     254     298       0     363
           399     423     450       0     519     555     604     653
           722       0     793       0       0       0       0       0
             0       0       0       0       0       0       0       0
          1767       0       0       0       0       0    1953    2023
          2071    2110    2111       0       0    2120    2161    2164
          2169       0       0    2218       0    2294       0    2332
             0    2401    2402    2403    2434    2550    2594       0
          2626       0    2634       0    2675    2680    2713       0
          2720    2721       0       0       0       0    2796    2803
             0       0    2821       0       0       0    2863    2870
          2895       0       0    3003    3042
Routine Name: PRECFORMAT
             0     135       0     137       0     139     140       0
             0       0     165     213     261     286       0       0
             0       0       0       0       0       0       0       0
             0       0       0       0       0       0       0       0
             0       0       0       0       0       0       0       0
             0       0
Routine Name: PRECMAC
             0       0     131     161       0       0       0       0
             0       0       0       0       0       0       0       0
             0       0       0       0       0       0       0       0
             0       0       0       0       0       0       0       0
             0       0
Routine Name: PRECNUM
             0       0       0       0       0       0       0       0
             0
Routine Name: PRECOPER
             0       0       0       0       0       0       0       0
             0       0       0       0       0       0       0       0
             0       0       0       0       0       0       0       0
             0       0       0       0       0       0       0       0
             0       0       0       0       0       0       0       0
             0       0       0       0       0       0       0       0
             0       0       0       0       0       0       0       0
             0       0       0       0       0       0       0       0
             0       0       0       0       0       0       0       0
             0       0       0       0       0       0       0       0
             0       0       0       0       0       0       0       0
             0       0       0       0       0       0       0       0
             0       0       0       0       0       0       0       0
             0       0       0       0       0       0       0       0
             0       0       0       0       0       0       0       0
             0       0       0       0    2145       0       0       0
             0       0       0       0       0       0       0       0
             0       0       0       0       0       0       0       0
             0       0       0       0       0       0       0       0
             0       0       0       0       0       0       0       0
             0       0       0       0       0       0       0       0
             0       0       0       0       0       0       0       0
             0       0       0       0       0       0       0       0
             0       0       0       0       0       0       0       0
             0       0       0       0       0       0       0       0
             0       0       0       0       0       0       0       0
             0       0       0       0
Routine Name: PRECREG
            88     114       0       0       0       0       0       0
             0       0       0       0       0
Routine Name: PRECSRCE
            96     123       0       0       0       0       0       0
             0       0
Routine Name: PRECSTCK
            93     116       0       0       0       0       0       0
             0       0       0       0       0       0       0       0
             0       0       0       0       0       0       0       0
             0       0       0       0       0       0
Routine Name: PRECTEXT
             0       0       0       0       0       0       0       0
             0     284     350       0       0       0     342       0
             0       0       0       0       0       0       0
Routine Name: SRCEDICT
            88     111       0       0       0       0       0       0
             0       0       0       0       0       0       0       0
             0       0       0       0       0       0       0       0
             0       0       0       0       0       0       0       0
             0       0       0       0       0       0       0
Routine Name: SRCPROJ
           101     128       0       0       0       0       0       0
             0       0       0       0       0       0       0       0
             0       0       0       0       0       0       0       0
             0       0       0       0       0       0       0       0
             0       0       0       0       0       0       0       0
             0       0       0       0       0       0       0       0
             0       0       0       0       0       0       0
Routine Name: TEST_PROJ
            97     123       0       0       0       0       0       0
             0       0       0       0       0       0       0       0
             0       0       0       0       0       0       0       0
             0       0       0       0       0       0       0       0
             0       0       0       0       0       0       0       0
             0       0       0       0       0       0       0       0
             0       0       0       0       0       0       0       0
             0       0       0
Routine Name: ERRORMAIL
             0       0       0       0       0       0       0
